Copyright 1986-2022 Xilinx, Inc. All Rights Reserved. Copyright 2022-2025 Advanced Micro Devices, Inc. All Rights Reserved.
-----------------------------------------------------------------------------------------------------------------------------------------------------------
| Tool Version : Vivado v.2025.2 (win64) Build 6299465 Fri Nov 14 19:35:11 GMT 2025
| Date         : Thu Jul 23 11:48:05 2026
| Host         : lpt_elementaro running 64-bit major release  (build 9200)
| Command      : report_methodology -file vga_top_methodology_drc_routed.rpt -pb vga_top_methodology_drc_routed.pb -rpx vga_top_methodology_drc_routed.rpx
| Design       : vga_top
| Device       : xc7a35tcpg236-1
| Speed File   : -1
| Design State : Fully Routed
-----------------------------------------------------------------------------------------------------------------------------------------------------------

Report Methodology

Table of Contents
-----------------
1. REPORT SUMMARY
2. REPORT DETAILS

1. REPORT SUMMARY
-----------------
            Netlist: netlist
          Floorplan: design_1
      Design limits: <entire design considered>
             Max checks: <unlimited>
             Checks found: 112
+-----------+------------------+-----------------------------------------------------------+--------+
| Rule      | Severity         | Description                                               | Checks |
+-----------+------------------+-----------------------------------------------------------+--------+
| TIMING-4  | Critical Warning | Invalid primary clock redefinition on a clock tree        | 1      |
| TIMING-6  | Critical Warning | No common primary clock between related clocks            | 1      |
| TIMING-7  | Critical Warning | No common node between related clocks                     | 1      |
| TIMING-8  | Critical Warning | No common period between related clocks                   | 1      |
| TIMING-27 | Critical Warning | Invalid primary clock on hierarchical pin                 | 1      |
| TIMING-51 | Critical Warning | No common phase between related clocks from parallel CMBs | 1      |
| LUTAR-1   | Warning          | LUT drives async reset alert                              | 42     |
| TIMING-16 | Warning          | Large setup violation                                     | 36     |
| TIMING-18 | Warning          | Missing input or output delay                             | 6      |
| TIMING-20 | Warning          | Non-clocked latch                                         | 21     |
| LATCH-1   | Advisory         | Existing latches in the design                            | 1      |
+-----------+------------------+-----------------------------------------------------------+--------+

2. REPORT DETAILS
-----------------
TIMING-4#1 Critical Warning
Invalid primary clock redefinition on a clock tree  
Invalid clock redefinition on a clock tree. The primary clock clk_wiz_inst/clocking_wizard_i/clk_wiz_0/inst/clk_in1 is defined downstream of clock sys_clk_pin and overrides its insertion delay and/or waveform definition
Related violations: <none>

TIMING-6#1 Critical Warning
No common primary clock between related clocks  
The clocks sys_clk_pin and clk_out1_clocking_wizard_clk_wiz_0_0 are related (timed together) but they have no common primary clock. The design could fail in hardware. To find a timing path between these clocks, run the following command: report_timing -from [get_clocks sys_clk_pin] -to [get_clocks clk_out1_clocking_wizard_clk_wiz_0_0]
Related violations: <none>

TIMING-7#1 Critical Warning
No common node between related clocks  
The clocks sys_clk_pin and clk_out1_clocking_wizard_clk_wiz_0_0 are related (timed together) but they have no common node. The design could fail in hardware. To find a timing path between these clocks, run the following command: report_timing -from [get_clocks sys_clk_pin] -to [get_clocks clk_out1_clocking_wizard_clk_wiz_0_0]
Related violations: <none>

TIMING-8#1 Critical Warning
No common period between related clocks  
The clocks sys_clk_pin and clk_out1_clocking_wizard_clk_wiz_0_0 are found related (timed together) but have no common (expandable) period
Related violations: <none>

TIMING-27#1 Critical Warning
Invalid primary clock on hierarchical pin  
A primary clock clk_wiz_inst/clocking_wizard_i/clk_wiz_0/inst/clk_in1 is created on an inappropriate internal pin clk_wiz_inst/clocking_wizard_i/clk_wiz_0/inst/clk_in1. It is not recommended to create a primary clock on a hierarchical pin when its driver pin has a fanout connected to multiple clock pins
Related violations: <none>

TIMING-51#1 Critical Warning
No common phase between related clocks from parallel CMBs  
The clocks sys_clk_pin and clk_out1_clocking_wizard_clk_wiz_0_0 are timed together but have no phase relationship. The design could fail in hardware. The clocks originate from two parallel Clock Modifying Blocks and at least one of the MMCM or PLLs clock dividers is not set to 1. To be safely timed, all MMCMs or PLLs involved in parallel clocking must have the clock divider set to 1.
Related violations: <none>

LUTAR-1#1 Warning
LUT drives async reset alert  
LUT cell food_inst/color_sel_reg[0]_LDC_i_1, with 2 or more inputs, drives asynchronous preset/clear pin(s) food_inst/color_sel_reg[0]_P/PRE. The LUT may glitch and trigger an unexpected reset, even if it is a properly timed path.
Related violations: <none>

LUTAR-1#2 Warning
LUT drives async reset alert  
LUT cell food_inst/color_sel_reg[0]_LDC_i_2, with 2 or more inputs, drives asynchronous preset/clear pin(s) food_inst/color_sel_reg[0]_C/CLR, food_inst/color_sel_reg[0]_LDC/CLR. The LUT may glitch and trigger an unexpected reset, even if it is a properly timed path.
Related violations: <none>

LUTAR-1#3 Warning
LUT drives async reset alert  
LUT cell food_inst/color_sel_reg[1]_LDC_i_1, with 2 or more inputs, drives asynchronous preset/clear pin(s) food_inst/color_sel_reg[1]_P/PRE. The LUT may glitch and trigger an unexpected reset, even if it is a properly timed path.
Related violations: <none>

LUTAR-1#4 Warning
LUT drives async reset alert  
LUT cell food_inst/color_sel_reg[1]_LDC_i_2, with 2 or more inputs, drives asynchronous preset/clear pin(s) food_inst/color_sel_reg[1]_C/CLR, food_inst/color_sel_reg[1]_LDC/CLR. The LUT may glitch and trigger an unexpected reset, even if it is a properly timed path.
Related violations: <none>

LUTAR-1#5 Warning
LUT drives async reset alert  
LUT cell food_inst/fx_reg[0]_LDC_i_1, with 2 or more inputs, drives asynchronous preset/clear pin(s) food_inst/fx_reg[0]_P/PRE. The LUT may glitch and trigger an unexpected reset, even if it is a properly timed path.
Related violations: <none>

LUTAR-1#6 Warning
LUT drives async reset alert  
LUT cell food_inst/fx_reg[0]_LDC_i_2, with 2 or more inputs, drives asynchronous preset/clear pin(s) food_inst/fx_reg[0]_C/CLR, food_inst/fx_reg[0]_LDC/CLR. The LUT may glitch and trigger an unexpected reset, even if it is a properly timed path.
Related violations: <none>

LUTAR-1#7 Warning
LUT drives async reset alert  
LUT cell food_inst/fx_reg[1]_LDC_i_1, with 2 or more inputs, drives asynchronous preset/clear pin(s) food_inst/fx_reg[1]_P/PRE. The LUT may glitch and trigger an unexpected reset, even if it is a properly timed path.
Related violations: <none>

LUTAR-1#8 Warning
LUT drives async reset alert  
LUT cell food_inst/fx_reg[1]_LDC_i_2, with 2 or more inputs, drives asynchronous preset/clear pin(s) food_inst/fx_reg[1]_C/CLR, food_inst/fx_reg[1]_LDC/CLR. The LUT may glitch and trigger an unexpected reset, even if it is a properly timed path.
Related violations: <none>

LUTAR-1#9 Warning
LUT drives async reset alert  
LUT cell food_inst/fx_reg[2]_LDC_i_1, with 2 or more inputs, drives asynchronous preset/clear pin(s) food_inst/fx_reg[2]_P/PRE. The LUT may glitch and trigger an unexpected reset, even if it is a properly timed path.
Related violations: <none>

LUTAR-1#10 Warning
LUT drives async reset alert  
LUT cell food_inst/fx_reg[2]_LDC_i_2, with 2 or more inputs, drives asynchronous preset/clear pin(s) food_inst/fx_reg[2]_C/CLR, food_inst/fx_reg[2]_LDC/CLR. The LUT may glitch and trigger an unexpected reset, even if it is a properly timed path.
Related violations: <none>

LUTAR-1#11 Warning
LUT drives async reset alert  
LUT cell food_inst/fx_reg[3]_LDC_i_1, with 2 or more inputs, drives asynchronous preset/clear pin(s) food_inst/fx_reg[3]_P/PRE. The LUT may glitch and trigger an unexpected reset, even if it is a properly timed path.
Related violations: <none>

LUTAR-1#12 Warning
LUT drives async reset alert  
LUT cell food_inst/fx_reg[3]_LDC_i_2, with 2 or more inputs, drives asynchronous preset/clear pin(s) food_inst/fx_reg[3]_C/CLR, food_inst/fx_reg[3]_LDC/CLR. The LUT may glitch and trigger an unexpected reset, even if it is a properly timed path.
Related violations: <none>

LUTAR-1#13 Warning
LUT drives async reset alert  
LUT cell food_inst/fx_reg[4]_LDC_i_1, with 2 or more inputs, drives asynchronous preset/clear pin(s) food_inst/fx_reg[4]_P/PRE. The LUT may glitch and trigger an unexpected reset, even if it is a properly timed path.
Related violations: <none>

LUTAR-1#14 Warning
LUT drives async reset alert  
LUT cell food_inst/fx_reg[4]_LDC_i_2, with 2 or more inputs, drives asynchronous preset/clear pin(s) food_inst/fx_reg[4]_C/CLR, food_inst/fx_reg[4]_LDC/CLR. The LUT may glitch and trigger an unexpected reset, even if it is a properly timed path.
Related violations: <none>

LUTAR-1#15 Warning
LUT drives async reset alert  
LUT cell food_inst/fx_reg[5]_LDC_i_1, with 2 or more inputs, drives asynchronous preset/clear pin(s) food_inst/fx_reg[5]_P/PRE. The LUT may glitch and trigger an unexpected reset, even if it is a properly timed path.
Related violations: <none>

LUTAR-1#16 Warning
LUT drives async reset alert  
LUT cell food_inst/fx_reg[5]_LDC_i_2, with 2 or more inputs, drives asynchronous preset/clear pin(s) food_inst/fx_reg[5]_C/CLR, food_inst/fx_reg[5]_LDC/CLR. The LUT may glitch and trigger an unexpected reset, even if it is a properly timed path.
Related violations: <none>

LUTAR-1#17 Warning
LUT drives async reset alert  
LUT cell food_inst/fx_reg[6]_LDC_i_1, with 2 or more inputs, drives asynchronous preset/clear pin(s) food_inst/fx_reg[6]_P/PRE. The LUT may glitch and trigger an unexpected reset, even if it is a properly timed path.
Related violations: <none>

LUTAR-1#18 Warning
LUT drives async reset alert  
LUT cell food_inst/fx_reg[6]_LDC_i_2, with 2 or more inputs, drives asynchronous preset/clear pin(s) food_inst/fx_reg[6]_C/CLR, food_inst/fx_reg[6]_LDC/CLR. The LUT may glitch and trigger an unexpected reset, even if it is a properly timed path.
Related violations: <none>

LUTAR-1#19 Warning
LUT drives async reset alert  
LUT cell food_inst/fx_reg[7]_LDC_i_1, with 2 or more inputs, drives asynchronous preset/clear pin(s) food_inst/fx_reg[7]_P/PRE. The LUT may glitch and trigger an unexpected reset, even if it is a properly timed path.
Related violations: <none>

LUTAR-1#20 Warning
LUT drives async reset alert  
LUT cell food_inst/fx_reg[7]_LDC_i_2, with 2 or more inputs, drives asynchronous preset/clear pin(s) food_inst/fx_reg[7]_C/CLR, food_inst/fx_reg[7]_LDC/CLR. The LUT may glitch and trigger an unexpected reset, even if it is a properly timed path.
Related violations: <none>

LUTAR-1#21 Warning
LUT drives async reset alert  
LUT cell food_inst/fx_reg[8]_LDC_i_1, with 2 or more inputs, drives asynchronous preset/clear pin(s) food_inst/fx_reg[8]_P/PRE. The LUT may glitch and trigger an unexpected reset, even if it is a properly timed path.
Related violations: <none>

LUTAR-1#22 Warning
LUT drives async reset alert  
LUT cell food_inst/fx_reg[8]_LDC_i_2, with 2 or more inputs, drives asynchronous preset/clear pin(s) food_inst/fx_reg[8]_C/CLR, food_inst/fx_reg[8]_LDC/CLR. The LUT may glitch and trigger an unexpected reset, even if it is a properly timed path.
Related violations: <none>

LUTAR-1#23 Warning
LUT drives async reset alert  
LUT cell food_inst/fx_reg[9]_LDC_i_1, with 2 or more inputs, drives asynchronous preset/clear pin(s) food_inst/fx_reg[9]_P/PRE. The LUT may glitch and trigger an unexpected reset, even if it is a properly timed path.
Related violations: <none>

LUTAR-1#24 Warning
LUT drives async reset alert  
LUT cell food_inst/fx_reg[9]_LDC_i_2, with 2 or more inputs, drives asynchronous preset/clear pin(s) food_inst/fx_reg[9]_C/CLR, food_inst/fx_reg[9]_LDC/CLR. The LUT may glitch and trigger an unexpected reset, even if it is a properly timed path.
Related violations: <none>

LUTAR-1#25 Warning
LUT drives async reset alert  
LUT cell food_inst/fy_reg[0]_LDC_i_1, with 2 or more inputs, drives asynchronous preset/clear pin(s) food_inst/fy_reg[0]_P/PRE. The LUT may glitch and trigger an unexpected reset, even if it is a properly timed path.
Related violations: <none>

LUTAR-1#26 Warning
LUT drives async reset alert  
LUT cell food_inst/fy_reg[0]_LDC_i_2, with 2 or more inputs, drives asynchronous preset/clear pin(s) food_inst/fy_reg[0]_C/CLR, food_inst/fy_reg[0]_LDC/CLR. The LUT may glitch and trigger an unexpected reset, even if it is a properly timed path.
Related violations: <none>

LUTAR-1#27 Warning
LUT drives async reset alert  
LUT cell food_inst/fy_reg[1]_LDC_i_1, with 2 or more inputs, drives asynchronous preset/clear pin(s) food_inst/fy_reg[1]_P/PRE. The LUT may glitch and trigger an unexpected reset, even if it is a properly timed path.
Related violations: <none>

LUTAR-1#28 Warning
LUT drives async reset alert  
LUT cell food_inst/fy_reg[1]_LDC_i_2, with 2 or more inputs, drives asynchronous preset/clear pin(s) food_inst/fy_reg[1]_C/CLR, food_inst/fy_reg[1]_LDC/CLR. The LUT may glitch and trigger an unexpected reset, even if it is a properly timed path.
Related violations: <none>

LUTAR-1#29 Warning
LUT drives async reset alert  
LUT cell food_inst/fy_reg[2]_LDC_i_1, with 2 or more inputs, drives asynchronous preset/clear pin(s) food_inst/fy_reg[2]_P/PRE. The LUT may glitch and trigger an unexpected reset, even if it is a properly timed path.
Related violations: <none>

LUTAR-1#30 Warning
LUT drives async reset alert  
LUT cell food_inst/fy_reg[2]_LDC_i_2, with 2 or more inputs, drives asynchronous preset/clear pin(s) food_inst/fy_reg[2]_C/CLR, food_inst/fy_reg[2]_LDC/CLR. The LUT may glitch and trigger an unexpected reset, even if it is a properly timed path.
Related violations: <none>

LUTAR-1#31 Warning
LUT drives async reset alert  
LUT cell food_inst/fy_reg[3]_LDC_i_1, with 2 or more inputs, drives asynchronous preset/clear pin(s) food_inst/fy_reg[3]_P/PRE. The LUT may glitch and trigger an unexpected reset, even if it is a properly timed path.
Related violations: <none>

LUTAR-1#32 Warning
LUT drives async reset alert  
LUT cell food_inst/fy_reg[3]_LDC_i_2, with 2 or more inputs, drives asynchronous preset/clear pin(s) food_inst/fy_reg[3]_C/CLR, food_inst/fy_reg[3]_LDC/CLR. The LUT may glitch and trigger an unexpected reset, even if it is a properly timed path.
Related violations: <none>

LUTAR-1#33 Warning
LUT drives async reset alert  
LUT cell food_inst/fy_reg[4]_LDC_i_1, with 2 or more inputs, drives asynchronous preset/clear pin(s) food_inst/fy_reg[4]_P/PRE. The LUT may glitch and trigger an unexpected reset, even if it is a properly timed path.
Related violations: <none>

LUTAR-1#34 Warning
LUT drives async reset alert  
LUT cell food_inst/fy_reg[4]_LDC_i_2, with 2 or more inputs, drives asynchronous preset/clear pin(s) food_inst/fy_reg[4]_C/CLR, food_inst/fy_reg[4]_LDC/CLR. The LUT may glitch and trigger an unexpected reset, even if it is a properly timed path.
Related violations: <none>

LUTAR-1#35 Warning
LUT drives async reset alert  
LUT cell food_inst/fy_reg[5]_LDC_i_1, with 2 or more inputs, drives asynchronous preset/clear pin(s) food_inst/fy_reg[5]_P/PRE. The LUT may glitch and trigger an unexpected reset, even if it is a properly timed path.
Related violations: <none>

LUTAR-1#36 Warning
LUT drives async reset alert  
LUT cell food_inst/fy_reg[5]_LDC_i_2, with 2 or more inputs, drives asynchronous preset/clear pin(s) food_inst/fy_reg[5]_C/CLR, food_inst/fy_reg[5]_LDC/CLR. The LUT may glitch and trigger an unexpected reset, even if it is a properly timed path.
Related violations: <none>

LUTAR-1#37 Warning
LUT drives async reset alert  
LUT cell food_inst/fy_reg[6]_LDC_i_1, with 2 or more inputs, drives asynchronous preset/clear pin(s) food_inst/fy_reg[6]_P/PRE. The LUT may glitch and trigger an unexpected reset, even if it is a properly timed path.
Related violations: <none>

LUTAR-1#38 Warning
LUT drives async reset alert  
LUT cell food_inst/fy_reg[6]_LDC_i_2, with 2 or more inputs, drives asynchronous preset/clear pin(s) food_inst/fy_reg[6]_C/CLR, food_inst/fy_reg[6]_LDC/CLR. The LUT may glitch and trigger an unexpected reset, even if it is a properly timed path.
Related violations: <none>

LUTAR-1#39 Warning
LUT drives async reset alert  
LUT cell food_inst/fy_reg[7]_LDC_i_1, with 2 or more inputs, drives asynchronous preset/clear pin(s) food_inst/fy_reg[7]_P/PRE. The LUT may glitch and trigger an unexpected reset, even if it is a properly timed path.
Related violations: <none>

LUTAR-1#40 Warning
LUT drives async reset alert  
LUT cell food_inst/fy_reg[7]_LDC_i_2, with 2 or more inputs, drives asynchronous preset/clear pin(s) food_inst/fy_reg[7]_C/CLR, food_inst/fy_reg[7]_LDC/CLR. The LUT may glitch and trigger an unexpected reset, even if it is a properly timed path.
Related violations: <none>

LUTAR-1#41 Warning
LUT drives async reset alert  
LUT cell food_inst/fy_reg[8]_LDC_i_1, with 2 or more inputs, drives asynchronous preset/clear pin(s) food_inst/fy_reg[8]_P/PRE. The LUT may glitch and trigger an unexpected reset, even if it is a properly timed path.
Related violations: <none>

LUTAR-1#42 Warning
LUT drives async reset alert  
LUT cell food_inst/fy_reg[8]_LDC_i_2, with 2 or more inputs, drives asynchronous preset/clear pin(s) food_inst/fy_reg[8]_C/CLR, food_inst/fy_reg[8]_LDC/CLR. The LUT may glitch and trigger an unexpected reset, even if it is a properly timed path.
Related violations: <none>

TIMING-16#1 Warning
Large setup violation  
There is a large setup violation of -10.078 ns between u_accel_monitor/u_accel/accel_y_reg[2]/C (clocked by sys_clk_pin) and square_inst/sq_x_reg[8]/D (clocked by clk_out1_clocking_wizard_clk_wiz_0_0). Large setup violations at the end of those stages might be difficult to fix during the post-placement implementation flow and could be the result of non-optimal XDC constraints or non-optimal design architecture
Related violations: <none>

TIMING-16#2 Warning
Large setup violation  
There is a large setup violation of -10.439 ns between u_accel_monitor/u_accel/accel_y_reg[2]/C (clocked by sys_clk_pin) and square_inst/sq_x_reg[9]/D (clocked by clk_out1_clocking_wizard_clk_wiz_0_0). Large setup violations at the end of those stages might be difficult to fix during the post-placement implementation flow and could be the result of non-optimal XDC constraints or non-optimal design architecture
Related violations: <none>

TIMING-16#3 Warning
Large setup violation  
There is a large setup violation of -10.752 ns between u_accel_monitor/u_accel/accel_x_reg[9]/C (clocked by sys_clk_pin) and square_inst/sq_y_reg[5]/D (clocked by clk_out1_clocking_wizard_clk_wiz_0_0). Large setup violations at the end of those stages might be difficult to fix during the post-placement implementation flow and could be the result of non-optimal XDC constraints or non-optimal design architecture
Related violations: <none>

TIMING-16#4 Warning
Large setup violation  
There is a large setup violation of -10.950 ns between u_accel_monitor/u_accel/accel_x_reg[9]/C (clocked by sys_clk_pin) and square_inst/sq_y_reg[6]/D (clocked by clk_out1_clocking_wizard_clk_wiz_0_0). Large setup violations at the end of those stages might be difficult to fix during the post-placement implementation flow and could be the result of non-optimal XDC constraints or non-optimal design architecture
Related violations: <none>

TIMING-16#5 Warning
Large setup violation  
There is a large setup violation of -11.119 ns between u_accel_monitor/u_accel/accel_x_reg[9]/C (clocked by sys_clk_pin) and square_inst/sq_y_reg[8]/D (clocked by clk_out1_clocking_wizard_clk_wiz_0_0). Large setup violations at the end of those stages might be difficult to fix during the post-placement implementation flow and could be the result of non-optimal XDC constraints or non-optimal design architecture
Related violations: <none>

TIMING-16#6 Warning
Large setup violation  
There is a large setup violation of -11.224 ns between u_accel_monitor/u_accel/accel_x_reg[9]/C (clocked by sys_clk_pin) and square_inst/sq_y_reg[9]/D (clocked by clk_out1_clocking_wizard_clk_wiz_0_0). Large setup violations at the end of those stages might be difficult to fix during the post-placement implementation flow and could be the result of non-optimal XDC constraints or non-optimal design architecture
Related violations: <none>

TIMING-16#7 Warning
Large setup violation  
There is a large setup violation of -11.249 ns between u_accel_monitor/u_accel/accel_x_reg[9]/C (clocked by sys_clk_pin) and square_inst/sq_y_reg[7]/D (clocked by clk_out1_clocking_wizard_clk_wiz_0_0). Large setup violations at the end of those stages might be difficult to fix during the post-placement implementation flow and could be the result of non-optimal XDC constraints or non-optimal design architecture
Related violations: <none>

TIMING-16#8 Warning
Large setup violation  
There is a large setup violation of -7.811 ns between u_accel_monitor/u_accel/accel_x_reg[2]/C (clocked by sys_clk_pin) and square_inst/sq_y_reg[3]/CE (clocked by clk_out1_clocking_wizard_clk_wiz_0_0). Large setup violations at the end of those stages might be difficult to fix during the post-placement implementation flow and could be the result of non-optimal XDC constraints or non-optimal design architecture
Related violations: <none>

TIMING-16#9 Warning
Large setup violation  
There is a large setup violation of -7.942 ns between u_accel_monitor/u_accel/accel_x_reg[2]/C (clocked by sys_clk_pin) and square_inst/sq_y_reg[1]/CE (clocked by clk_out1_clocking_wizard_clk_wiz_0_0). Large setup violations at the end of those stages might be difficult to fix during the post-placement implementation flow and could be the result of non-optimal XDC constraints or non-optimal design architecture
Related violations: <none>

TIMING-16#10 Warning
Large setup violation  
There is a large setup violation of -7.942 ns between u_accel_monitor/u_accel/accel_x_reg[2]/C (clocked by sys_clk_pin) and square_inst/sq_y_reg[2]/CE (clocked by clk_out1_clocking_wizard_clk_wiz_0_0). Large setup violations at the end of those stages might be difficult to fix during the post-placement implementation flow and could be the result of non-optimal XDC constraints or non-optimal design architecture
Related violations: <none>

TIMING-16#11 Warning
Large setup violation  
There is a large setup violation of -7.942 ns between u_accel_monitor/u_accel/accel_x_reg[2]/C (clocked by sys_clk_pin) and square_inst/sq_y_reg[4]/CE (clocked by clk_out1_clocking_wizard_clk_wiz_0_0). Large setup violations at the end of those stages might be difficult to fix during the post-placement implementation flow and could be the result of non-optimal XDC constraints or non-optimal design architecture
Related violations: <none>

TIMING-16#12 Warning
Large setup violation  
There is a large setup violation of -7.980 ns between u_accel_monitor/u_accel/accel_x_reg[2]/C (clocked by sys_clk_pin) and square_inst/sq_y_reg[6]/CE (clocked by clk_out1_clocking_wizard_clk_wiz_0_0). Large setup violations at the end of those stages might be difficult to fix during the post-placement implementation flow and could be the result of non-optimal XDC constraints or non-optimal design architecture
Related violations: <none>

TIMING-16#13 Warning
Large setup violation  
There is a large setup violation of -7.980 ns between u_accel_monitor/u_accel/accel_x_reg[2]/C (clocked by sys_clk_pin) and square_inst/sq_y_reg[7]/CE (clocked by clk_out1_clocking_wizard_clk_wiz_0_0). Large setup violations at the end of those stages might be difficult to fix during the post-placement implementation flow and could be the result of non-optimal XDC constraints or non-optimal design architecture
Related violations: <none>

TIMING-16#14 Warning
Large setup violation  
There is a large setup violation of -7.980 ns between u_accel_monitor/u_accel/accel_x_reg[2]/C (clocked by sys_clk_pin) and square_inst/sq_y_reg[9]/CE (clocked by clk_out1_clocking_wizard_clk_wiz_0_0). Large setup violations at the end of those stages might be difficult to fix during the post-placement implementation flow and could be the result of non-optimal XDC constraints or non-optimal design architecture
Related violations: <none>

TIMING-16#15 Warning
Large setup violation  
There is a large setup violation of -7.981 ns between u_accel_monitor/u_accel/accel_x_reg[2]/C (clocked by sys_clk_pin) and square_inst/sq_y_reg[8]/CE (clocked by clk_out1_clocking_wizard_clk_wiz_0_0). Large setup violations at the end of those stages might be difficult to fix during the post-placement implementation flow and could be the result of non-optimal XDC constraints or non-optimal design architecture
Related violations: <none>

TIMING-16#16 Warning
Large setup violation  
There is a large setup violation of -8.041 ns between u_accel_monitor/u_accel/accel_y_reg[0]/C (clocked by sys_clk_pin) and square_inst/sq_x_reg[7]/CE (clocked by clk_out1_clocking_wizard_clk_wiz_0_0). Large setup violations at the end of those stages might be difficult to fix during the post-placement implementation flow and could be the result of non-optimal XDC constraints or non-optimal design architecture
Related violations: <none>

TIMING-16#17 Warning
Large setup violation  
There is a large setup violation of -8.041 ns between u_accel_monitor/u_accel/accel_y_reg[0]/C (clocked by sys_clk_pin) and square_inst/sq_x_reg[8]/CE (clocked by clk_out1_clocking_wizard_clk_wiz_0_0). Large setup violations at the end of those stages might be difficult to fix during the post-placement implementation flow and could be the result of non-optimal XDC constraints or non-optimal design architecture
Related violations: <none>

TIMING-16#18 Warning
Large setup violation  
There is a large setup violation of -8.043 ns between u_accel_monitor/u_accel/accel_y_reg[0]/C (clocked by sys_clk_pin) and square_inst/sq_x_reg[6]/CE (clocked by clk_out1_clocking_wizard_clk_wiz_0_0). Large setup violations at the end of those stages might be difficult to fix during the post-placement implementation flow and could be the result of non-optimal XDC constraints or non-optimal design architecture
Related violations: <none>

TIMING-16#19 Warning
Large setup violation  
There is a large setup violation of -8.121 ns between u_accel_monitor/u_accel/accel_x_reg[2]/C (clocked by sys_clk_pin) and square_inst/sq_y_reg[5]/CE (clocked by clk_out1_clocking_wizard_clk_wiz_0_0). Large setup violations at the end of those stages might be difficult to fix during the post-placement implementation flow and could be the result of non-optimal XDC constraints or non-optimal design architecture
Related violations: <none>

TIMING-16#20 Warning
Large setup violation  
There is a large setup violation of -8.177 ns between u_accel_monitor/u_accel/accel_y_reg[0]/C (clocked by sys_clk_pin) and square_inst/sq_x_reg[1]/CE (clocked by clk_out1_clocking_wizard_clk_wiz_0_0). Large setup violations at the end of those stages might be difficult to fix during the post-placement implementation flow and could be the result of non-optimal XDC constraints or non-optimal design architecture
Related violations: <none>

TIMING-16#21 Warning
Large setup violation  
There is a large setup violation of -8.230 ns between u_accel_monitor/u_accel/accel_y_reg[0]/C (clocked by sys_clk_pin) and square_inst/sq_x_reg[9]/CE (clocked by clk_out1_clocking_wizard_clk_wiz_0_0). Large setup violations at the end of those stages might be difficult to fix during the post-placement implementation flow and could be the result of non-optimal XDC constraints or non-optimal design architecture
Related violations: <none>

TIMING-16#22 Warning
Large setup violation  
There is a large setup violation of -8.327 ns between u_accel_monitor/u_accel/accel_y_reg[0]/C (clocked by sys_clk_pin) and square_inst/sq_x_reg[5]/CE (clocked by clk_out1_clocking_wizard_clk_wiz_0_0). Large setup violations at the end of those stages might be difficult to fix during the post-placement implementation flow and could be the result of non-optimal XDC constraints or non-optimal design architecture
Related violations: <none>

TIMING-16#23 Warning
Large setup violation  
There is a large setup violation of -8.372 ns between u_accel_monitor/u_accel/accel_y_reg[0]/C (clocked by sys_clk_pin) and square_inst/sq_x_reg[2]/CE (clocked by clk_out1_clocking_wizard_clk_wiz_0_0). Large setup violations at the end of those stages might be difficult to fix during the post-placement implementation flow and could be the result of non-optimal XDC constraints or non-optimal design architecture
Related violations: <none>

TIMING-16#24 Warning
Large setup violation  
There is a large setup violation of -8.372 ns between u_accel_monitor/u_accel/accel_y_reg[0]/C (clocked by sys_clk_pin) and square_inst/sq_x_reg[3]/CE (clocked by clk_out1_clocking_wizard_clk_wiz_0_0). Large setup violations at the end of those stages might be difficult to fix during the post-placement implementation flow and could be the result of non-optimal XDC constraints or non-optimal design architecture
Related violations: <none>

TIMING-16#25 Warning
Large setup violation  
There is a large setup violation of -8.372 ns between u_accel_monitor/u_accel/accel_y_reg[0]/C (clocked by sys_clk_pin) and square_inst/sq_x_reg[4]/CE (clocked by clk_out1_clocking_wizard_clk_wiz_0_0). Large setup violations at the end of those stages might be difficult to fix during the post-placement implementation flow and could be the result of non-optimal XDC constraints or non-optimal design architecture
Related violations: <none>

TIMING-16#26 Warning
Large setup violation  
There is a large setup violation of -9.015 ns between u_accel_monitor/u_accel/accel_y_reg[4]/C (clocked by sys_clk_pin) and square_inst/sq_x_reg[1]/D (clocked by clk_out1_clocking_wizard_clk_wiz_0_0). Large setup violations at the end of those stages might be difficult to fix during the post-placement implementation flow and could be the result of non-optimal XDC constraints or non-optimal design architecture
Related violations: <none>

TIMING-16#27 Warning
Large setup violation  
There is a large setup violation of -9.082 ns between u_accel_monitor/u_accel/accel_y_reg[4]/C (clocked by sys_clk_pin) and square_inst/sq_x_reg[4]/D (clocked by clk_out1_clocking_wizard_clk_wiz_0_0). Large setup violations at the end of those stages might be difficult to fix during the post-placement implementation flow and could be the result of non-optimal XDC constraints or non-optimal design architecture
Related violations: <none>

TIMING-16#28 Warning
Large setup violation  
There is a large setup violation of -9.088 ns between u_accel_monitor/u_accel/accel_y_reg[4]/C (clocked by sys_clk_pin) and square_inst/sq_x_reg[2]/D (clocked by clk_out1_clocking_wizard_clk_wiz_0_0). Large setup violations at the end of those stages might be difficult to fix during the post-placement implementation flow and could be the result of non-optimal XDC constraints or non-optimal design architecture
Related violations: <none>

TIMING-16#29 Warning
Large setup violation  
There is a large setup violation of -9.322 ns between u_accel_monitor/u_accel/accel_y_reg[2]/C (clocked by sys_clk_pin) and square_inst/sq_x_reg[5]/D (clocked by clk_out1_clocking_wizard_clk_wiz_0_0). Large setup violations at the end of those stages might be difficult to fix during the post-placement implementation flow and could be the result of non-optimal XDC constraints or non-optimal design architecture
Related violations: <none>

TIMING-16#30 Warning
Large setup violation  
There is a large setup violation of -9.346 ns between u_accel_monitor/u_accel/accel_y_reg[2]/C (clocked by sys_clk_pin) and square_inst/sq_x_reg[6]/D (clocked by clk_out1_clocking_wizard_clk_wiz_0_0). Large setup violations at the end of those stages might be difficult to fix during the post-placement implementation flow and could be the result of non-optimal XDC constraints or non-optimal design architecture
Related violations: <none>

TIMING-16#31 Warning
Large setup violation  
There is a large setup violation of -9.357 ns between u_accel_monitor/u_accel/accel_y_reg[4]/C (clocked by sys_clk_pin) and square_inst/sq_x_reg[3]/D (clocked by clk_out1_clocking_wizard_clk_wiz_0_0). Large setup violations at the end of those stages might be difficult to fix during the post-placement implementation flow and could be the result of non-optimal XDC constraints or non-optimal design architecture
Related violations: <none>

TIMING-16#32 Warning
Large setup violation  
There is a large setup violation of -9.452 ns between u_accel_monitor/u_accel/accel_x_reg[0]/C (clocked by sys_clk_pin) and square_inst/sq_y_reg[4]/D (clocked by clk_out1_clocking_wizard_clk_wiz_0_0). Large setup violations at the end of those stages might be difficult to fix during the post-placement implementation flow and could be the result of non-optimal XDC constraints or non-optimal design architecture
Related violations: <none>

TIMING-16#33 Warning
Large setup violation  
There is a large setup violation of -9.527 ns between u_accel_monitor/u_accel/accel_x_reg[0]/C (clocked by sys_clk_pin) and square_inst/sq_y_reg[1]/D (clocked by clk_out1_clocking_wizard_clk_wiz_0_0). Large setup violations at the end of those stages might be difficult to fix during the post-placement implementation flow and could be the result of non-optimal XDC constraints or non-optimal design architecture
Related violations: <none>

TIMING-16#34 Warning
Large setup violation  
There is a large setup violation of -9.632 ns between u_accel_monitor/u_accel/accel_x_reg[0]/C (clocked by sys_clk_pin) and square_inst/sq_y_reg[2]/D (clocked by clk_out1_clocking_wizard_clk_wiz_0_0). Large setup violations at the end of those stages might be difficult to fix during the post-placement implementation flow and could be the result of non-optimal XDC constraints or non-optimal design architecture
Related violations: <none>

TIMING-16#35 Warning
Large setup violation  
There is a large setup violation of -9.640 ns between u_accel_monitor/u_accel/accel_x_reg[0]/C (clocked by sys_clk_pin) and square_inst/sq_y_reg[3]/D (clocked by clk_out1_clocking_wizard_clk_wiz_0_0). Large setup violations at the end of those stages might be difficult to fix during the post-placement implementation flow and could be the result of non-optimal XDC constraints or non-optimal design architecture
Related violations: <none>

TIMING-16#36 Warning
Large setup violation  
There is a large setup violation of -9.915 ns between u_accel_monitor/u_accel/accel_y_reg[2]/C (clocked by sys_clk_pin) and square_inst/sq_x_reg[7]/D (clocked by clk_out1_clocking_wizard_clk_wiz_0_0). Large setup violations at the end of those stages might be difficult to fix during the post-placement implementation flow and could be the result of non-optimal XDC constraints or non-optimal design architecture
Related violations: <none>

TIMING-18#1 Warning
Missing input or output delay  
An input delay is missing on acl_miso relative to the rising and/or falling clock edge(s) of sys_clk_pin.
Related violations: <none>

TIMING-18#2 Warning
Missing input or output delay  
An input delay is missing on btnC relative to the rising and/or falling clock edge(s) of sys_clk_pin.
Related violations: <none>

TIMING-18#3 Warning
Missing input or output delay  
An output delay is missing on acl_cs_n relative to the rising and/or falling clock edge(s) of sys_clk_pin.
Related violations: <none>

TIMING-18#4 Warning
Missing input or output delay  
An output delay is missing on acl_mosi relative to the rising and/or falling clock edge(s) of sys_clk_pin.
Related violations: <none>

TIMING-18#5 Warning
Missing input or output delay  
An output delay is missing on acl_sclk relative to the rising and/or falling clock edge(s) of sys_clk_pin.
Related violations: <none>

TIMING-18#6 Warning
Missing input or output delay  
An output delay is missing on uart_txd_out relative to the rising and/or falling clock edge(s) of sys_clk_pin.
Related violations: <none>

TIMING-20#1 Warning
Non-clocked latch  
The latch food_inst/color_sel_reg[0]_LDC cannot be properly analyzed as its control pin food_inst/color_sel_reg[0]_LDC/G is not reached by a timing clock
Related violations: <none>

TIMING-20#2 Warning
Non-clocked latch  
The latch food_inst/color_sel_reg[1]_LDC cannot be properly analyzed as its control pin food_inst/color_sel_reg[1]_LDC/G is not reached by a timing clock
Related violations: <none>

TIMING-20#3 Warning
Non-clocked latch  
The latch food_inst/fx_reg[0]_LDC cannot be properly analyzed as its control pin food_inst/fx_reg[0]_LDC/G is not reached by a timing clock
Related violations: <none>

TIMING-20#4 Warning
Non-clocked latch  
The latch food_inst/fx_reg[1]_LDC cannot be properly analyzed as its control pin food_inst/fx_reg[1]_LDC/G is not reached by a timing clock
Related violations: <none>

TIMING-20#5 Warning
Non-clocked latch  
The latch food_inst/fx_reg[2]_LDC cannot be properly analyzed as its control pin food_inst/fx_reg[2]_LDC/G is not reached by a timing clock
Related violations: <none>

TIMING-20#6 Warning
Non-clocked latch  
The latch food_inst/fx_reg[3]_LDC cannot be properly analyzed as its control pin food_inst/fx_reg[3]_LDC/G is not reached by a timing clock
Related violations: <none>

TIMING-20#7 Warning
Non-clocked latch  
The latch food_inst/fx_reg[4]_LDC cannot be properly analyzed as its control pin food_inst/fx_reg[4]_LDC/G is not reached by a timing clock
Related violations: <none>

TIMING-20#8 Warning
Non-clocked latch  
The latch food_inst/fx_reg[5]_LDC cannot be properly analyzed as its control pin food_inst/fx_reg[5]_LDC/G is not reached by a timing clock
Related violations: <none>

TIMING-20#9 Warning
Non-clocked latch  
The latch food_inst/fx_reg[6]_LDC cannot be properly analyzed as its control pin food_inst/fx_reg[6]_LDC/G is not reached by a timing clock
Related violations: <none>

TIMING-20#10 Warning
Non-clocked latch  
The latch food_inst/fx_reg[7]_LDC cannot be properly analyzed as its control pin food_inst/fx_reg[7]_LDC/G is not reached by a timing clock
Related violations: <none>

TIMING-20#11 Warning
Non-clocked latch  
The latch food_inst/fx_reg[8]_LDC cannot be properly analyzed as its control pin food_inst/fx_reg[8]_LDC/G is not reached by a timing clock
Related violations: <none>

TIMING-20#12 Warning
Non-clocked latch  
The latch food_inst/fx_reg[9]_LDC cannot be properly analyzed as its control pin food_inst/fx_reg[9]_LDC/G is not reached by a timing clock
Related violations: <none>

TIMING-20#13 Warning
Non-clocked latch  
The latch food_inst/fy_reg[0]_LDC cannot be properly analyzed as its control pin food_inst/fy_reg[0]_LDC/G is not reached by a timing clock
Related violations: <none>

TIMING-20#14 Warning
Non-clocked latch  
The latch food_inst/fy_reg[1]_LDC cannot be properly analyzed as its control pin food_inst/fy_reg[1]_LDC/G is not reached by a timing clock
Related violations: <none>

TIMING-20#15 Warning
Non-clocked latch  
The latch food_inst/fy_reg[2]_LDC cannot be properly analyzed as its control pin food_inst/fy_reg[2]_LDC/G is not reached by a timing clock
Related violations: <none>

TIMING-20#16 Warning
Non-clocked latch  
The latch food_inst/fy_reg[3]_LDC cannot be properly analyzed as its control pin food_inst/fy_reg[3]_LDC/G is not reached by a timing clock
Related violations: <none>

TIMING-20#17 Warning
Non-clocked latch  
The latch food_inst/fy_reg[4]_LDC cannot be properly analyzed as its control pin food_inst/fy_reg[4]_LDC/G is not reached by a timing clock
Related violations: <none>

TIMING-20#18 Warning
Non-clocked latch  
The latch food_inst/fy_reg[5]_LDC cannot be properly analyzed as its control pin food_inst/fy_reg[5]_LDC/G is not reached by a timing clock
Related violations: <none>

TIMING-20#19 Warning
Non-clocked latch  
The latch food_inst/fy_reg[6]_LDC cannot be properly analyzed as its control pin food_inst/fy_reg[6]_LDC/G is not reached by a timing clock
Related violations: <none>

TIMING-20#20 Warning
Non-clocked latch  
The latch food_inst/fy_reg[7]_LDC cannot be properly analyzed as its control pin food_inst/fy_reg[7]_LDC/G is not reached by a timing clock
Related violations: <none>

TIMING-20#21 Warning
Non-clocked latch  
The latch food_inst/fy_reg[8]_LDC cannot be properly analyzed as its control pin food_inst/fy_reg[8]_LDC/G is not reached by a timing clock
Related violations: <none>

LATCH-1#1 Advisory
Existing latches in the design  
There are 21 latches found in the design. Inferred latches are often the result of HDL coding mistakes, such as incomplete if or case statements.
Related violations: <none>


