Copyright 1986-2022 Xilinx, Inc. All Rights Reserved. Copyright 2022-2025 Advanced Micro Devices, Inc. All Rights Reserved.
---------------------------------------------------------------------------------------------------------------------------------------------
| Tool Version : Vivado v.2025.2 (win64) Build 6299465 Fri Nov 14 19:35:11 GMT 2025
| Date         : Thu Jul 23 11:47:45 2026
| Host         : lpt_elementaro running 64-bit major release  (build 9200)
| Command      : report_control_sets -verbose -file vga_top_control_sets_placed.rpt
| Design       : vga_top
| Device       : xc7a35t
---------------------------------------------------------------------------------------------------------------------------------------------

Control Set Information

Table of Contents
-----------------
1. Summary
2. Histogram
3. Flip-Flop Distribution
4. Detailed Control Set Information

1. Summary
----------

+----------------------------------------------------------+-------+
|                          Status                          | Count |
+----------------------------------------------------------+-------+
| Total control sets                                       |   105 |
|    Minimum number of control sets                        |   105 |
|    Addition due to synthesis replication                 |     0 |
|    Addition due to physical synthesis replication        |     0 |
| Unused register locations in slices containing registers |   561 |
+----------------------------------------------------------+-------+
* Control sets can be merged at opt_design using control_set_merge or merge_equivalent_drivers
** Run report_qor_suggestions for automated merging and remapping suggestions


2. Histogram
------------

+--------------------+-------+
|       Fanout       | Count |
+--------------------+-------+
| Total control sets |   105 |
| >= 0 to < 4        |    64 |
| >= 4 to < 6        |    10 |
| >= 6 to < 8        |     4 |
| >= 8 to < 10       |     9 |
| >= 10 to < 12      |     6 |
| >= 12 to < 14      |     2 |
| >= 14 to < 16      |     1 |
| >= 16              |     9 |
+--------------------+-------+
* Control sets can be remapped at either synth_design or opt_design


3. Flip-Flop Distribution
-------------------------

+--------------+-----------------------+------------------------+-----------------+--------------+
| Clock Enable | Synchronous Set/Reset | Asynchronous Set/Reset | Total Registers | Total Slices |
+--------------+-----------------------+------------------------+-----------------+--------------+
| No           | No                    | No                     |               0 |            0 |
| No           | No                    | Yes                    |              84 |           41 |
| No           | Yes                   | No                     |              21 |           21 |
| Yes          | No                    | No                     |             118 |           32 |
| Yes          | No                    | Yes                    |             360 |          126 |
| Yes          | Yes                   | No                     |               0 |            0 |
+--------------+-----------------------+------------------------+-----------------+--------------+


4. Detailed Control Set Information
-----------------------------------

+---------------------------------------------------------+----------------------------------------------------------------+----------------------------------------+------------------+----------------+--------------+
|                       Clock Signal                      |                          Enable Signal                         |            Set/Reset Signal            | Slice Load Count | Bel Load Count | Bels / Slice |
+---------------------------------------------------------+----------------------------------------------------------------+----------------------------------------+------------------+----------------+--------------+
|  food_inst/color_sel_reg[0]_LDC_i_1_n_0                 |                                                                | food_inst/color_sel_reg[0]_LDC_i_2_n_0 |                1 |              1 |         1.00 |
|  food_inst/color_sel_reg[1]_LDC_i_1_n_0                 |                                                                | food_inst/color_sel_reg[1]_LDC_i_2_n_0 |                1 |              1 |         1.00 |
|  food_inst/fx_reg[7]_LDC_i_1_n_0                        |                                                                | food_inst/fx_reg[7]_LDC_i_2_n_0        |                1 |              1 |         1.00 |
|  food_inst/fx_reg[2]_LDC_i_1_n_0                        |                                                                | food_inst/fx_reg[2]_LDC_i_2_n_0        |                1 |              1 |         1.00 |
|  food_inst/fx_reg[8]_LDC_i_1_n_0                        |                                                                | food_inst/fx_reg[8]_LDC_i_2_n_0        |                1 |              1 |         1.00 |
|  food_inst/fx_reg[5]_LDC_i_1_n_0                        |                                                                | food_inst/fx_reg[5]_LDC_i_2_n_0        |                1 |              1 |         1.00 |
|  food_inst/fx_reg[1]_LDC_i_1_n_0                        |                                                                | food_inst/fx_reg[1]_LDC_i_2_n_0        |                1 |              1 |         1.00 |
|  food_inst/fx_reg[0]_LDC_i_1_n_0                        |                                                                | food_inst/fx_reg[0]_LDC_i_2_n_0        |                1 |              1 |         1.00 |
|  food_inst/fx_reg[3]_LDC_i_1_n_0                        |                                                                | food_inst/fx_reg[3]_LDC_i_2_n_0        |                1 |              1 |         1.00 |
|  food_inst/fx_reg[4]_LDC_i_1_n_0                        |                                                                | food_inst/fx_reg[4]_LDC_i_2_n_0        |                1 |              1 |         1.00 |
|  food_inst/fx_reg[6]_LDC_i_1_n_0                        |                                                                | food_inst/fx_reg[6]_LDC_i_2_n_0        |                1 |              1 |         1.00 |
|  food_inst/fy_reg[1]_LDC_i_1_n_0                        |                                                                | food_inst/fy_reg[1]_LDC_i_2_n_0        |                1 |              1 |         1.00 |
|  food_inst/fy_reg[4]_LDC_i_1_n_0                        |                                                                | food_inst/fy_reg[4]_LDC_i_2_n_0        |                1 |              1 |         1.00 |
|  food_inst/fy_reg[2]_LDC_i_1_n_0                        |                                                                | food_inst/fy_reg[2]_LDC_i_2_n_0        |                1 |              1 |         1.00 |
|  food_inst/fy_reg[0]_LDC_i_1_n_0                        |                                                                | food_inst/fy_reg[0]_LDC_i_2_n_0        |                1 |              1 |         1.00 |
|  food_inst/fy_reg[3]_LDC_i_1_n_0                        |                                                                | food_inst/fy_reg[3]_LDC_i_2_n_0        |                1 |              1 |         1.00 |
|  food_inst/fx_reg[9]_LDC_i_1_n_0                        |                                                                | food_inst/fx_reg[9]_LDC_i_2_n_0        |                1 |              1 |         1.00 |
|  food_inst/fy_reg[6]_LDC_i_1_n_0                        |                                                                | food_inst/fy_reg[6]_LDC_i_2_n_0        |                1 |              1 |         1.00 |
|  food_inst/fy_reg[5]_LDC_i_1_n_0                        |                                                                | food_inst/fy_reg[5]_LDC_i_2_n_0        |                1 |              1 |         1.00 |
|  food_inst/fy_reg[7]_LDC_i_1_n_0                        |                                                                | food_inst/fy_reg[7]_LDC_i_2_n_0        |                1 |              1 |         1.00 |
|  food_inst/fy_reg[8]_LDC_i_1_n_0                        |                                                                | food_inst/fy_reg[8]_LDC_i_2_n_0        |                1 |              1 |         1.00 |
|  clk_wiz_inst/clocking_wizard_i/clk_wiz_0/inst/clk_out1 |                                                                | food_inst/color_sel_reg[1]_LDC_i_2_n_0 |                1 |              1 |         1.00 |
|  clk_wiz_inst/clocking_wizard_i/clk_wiz_0/inst/clk_out1 |                                                                | food_inst/color_sel_reg[0]_LDC_i_2_n_0 |                1 |              1 |         1.00 |
|  clk_wiz_inst/clocking_wizard_i/clk_wiz_0/inst/clk_out1 |                                                                | food_inst/fx_reg[7]_LDC_i_2_n_0        |                1 |              1 |         1.00 |
|  clk_wiz_inst/clocking_wizard_i/clk_wiz_0/inst/clk_out1 |                                                                | food_inst/fx_reg[6]_LDC_i_2_n_0        |                1 |              1 |         1.00 |
|  clk_wiz_inst/clocking_wizard_i/clk_wiz_0/inst/clk_out1 |                                                                | food_inst/fx_reg[4]_LDC_i_2_n_0        |                1 |              1 |         1.00 |
|  clk_wiz_inst/clocking_wizard_i/clk_wiz_0/inst/clk_out1 |                                                                | food_inst/fx_reg[8]_LDC_i_2_n_0        |                1 |              1 |         1.00 |
|  clk_wiz_inst/clocking_wizard_i/clk_wiz_0/inst/clk_out1 |                                                                | food_inst/fx_reg[2]_LDC_i_2_n_0        |                1 |              1 |         1.00 |
|  clk_wiz_inst/clocking_wizard_i/clk_wiz_0/inst/clk_out1 |                                                                | food_inst/fx_reg[5]_LDC_i_2_n_0        |                1 |              1 |         1.00 |
|  clk_wiz_inst/clocking_wizard_i/clk_wiz_0/inst/clk_out1 |                                                                | food_inst/fx_reg[0]_LDC_i_2_n_0        |                1 |              1 |         1.00 |
|  clk_wiz_inst/clocking_wizard_i/clk_wiz_0/inst/clk_out1 |                                                                | food_inst/fx_reg[3]_LDC_i_2_n_0        |                1 |              1 |         1.00 |
|  clk_wiz_inst/clocking_wizard_i/clk_wiz_0/inst/clk_out1 |                                                                | food_inst/fx_reg[1]_LDC_i_2_n_0        |                1 |              1 |         1.00 |
|  clk_wiz_inst/clocking_wizard_i/clk_wiz_0/inst/clk_out1 |                                                                | food_inst/fy_reg[1]_LDC_i_2_n_0        |                1 |              1 |         1.00 |
|  clk_wiz_inst/clocking_wizard_i/clk_wiz_0/inst/clk_out1 |                                                                | food_inst/fy_reg[0]_LDC_i_2_n_0        |                1 |              1 |         1.00 |
|  clk_wiz_inst/clocking_wizard_i/clk_wiz_0/inst/clk_out1 |                                                                | food_inst/fy_reg[3]_LDC_i_2_n_0        |                1 |              1 |         1.00 |
|  clk_wiz_inst/clocking_wizard_i/clk_wiz_0/inst/clk_out1 |                                                                | food_inst/fy_reg[2]_LDC_i_2_n_0        |                1 |              1 |         1.00 |
|  clk_wiz_inst/clocking_wizard_i/clk_wiz_0/inst/clk_out1 |                                                                | food_inst/fy_reg[4]_LDC_i_2_n_0        |                1 |              1 |         1.00 |
|  clk_wiz_inst/clocking_wizard_i/clk_wiz_0/inst/clk_out1 |                                                                | food_inst/fx_reg[9]_LDC_i_2_n_0        |                1 |              1 |         1.00 |
|  clk_wiz_inst/clocking_wizard_i/clk_wiz_0/inst/clk_out1 |                                                                | food_inst/fy_reg[8]_LDC_i_2_n_0        |                1 |              1 |         1.00 |
|  clk_wiz_inst/clocking_wizard_i/clk_wiz_0/inst/clk_out1 |                                                                | food_inst/fy_reg[7]_LDC_i_2_n_0        |                1 |              1 |         1.00 |
|  clk_wiz_inst/clocking_wizard_i/clk_wiz_0/inst/clk_out1 |                                                                | food_inst/fy_reg[6]_LDC_i_2_n_0        |                1 |              1 |         1.00 |
|  clk_wiz_inst/clocking_wizard_i/clk_wiz_0/inst/clk_out1 |                                                                | food_inst/fy_reg[5]_LDC_i_2_n_0        |                1 |              1 |         1.00 |
|  clk_wiz_inst/clocking_wizard_i/clk_wiz_0/inst/clk_out1 | food_inst/eaten_pulse                                          | food_inst/fy_reg[8]_LDC_i_1_n_0        |                1 |              1 |         1.00 |
|  clk_100MHz_IBUF_BUFG                                   | u_accel_monitor/u_accel/u_spi/FSM_sequential_state_reg[2]      | btnC_IBUF                              |                1 |              1 |         1.00 |
|  clk_wiz_inst/clocking_wizard_i/clk_wiz_0/inst/clk_out1 | food_inst/eaten_pulse                                          | food_inst/color_sel_reg[0]_LDC_i_1_n_0 |                1 |              1 |         1.00 |
|  clk_wiz_inst/clocking_wizard_i/clk_wiz_0/inst/clk_out1 | food_inst/eaten_pulse                                          | food_inst/color_sel_reg[1]_LDC_i_1_n_0 |                1 |              1 |         1.00 |
|  clk_wiz_inst/clocking_wizard_i/clk_wiz_0/inst/clk_out1 | food_inst/eaten_pulse                                          | food_inst/fx_reg[7]_LDC_i_1_n_0        |                1 |              1 |         1.00 |
|  clk_wiz_inst/clocking_wizard_i/clk_wiz_0/inst/clk_out1 | food_inst/eaten_pulse                                          | food_inst/fx_reg[2]_LDC_i_1_n_0        |                1 |              1 |         1.00 |
|  clk_wiz_inst/clocking_wizard_i/clk_wiz_0/inst/clk_out1 | food_inst/eaten_pulse                                          | food_inst/fx_reg[8]_LDC_i_1_n_0        |                1 |              1 |         1.00 |
|  clk_wiz_inst/clocking_wizard_i/clk_wiz_0/inst/clk_out1 | food_inst/eaten_pulse                                          | food_inst/fx_reg[5]_LDC_i_1_n_0        |                1 |              1 |         1.00 |
|  clk_wiz_inst/clocking_wizard_i/clk_wiz_0/inst/clk_out1 | food_inst/eaten_pulse                                          | food_inst/fx_reg[1]_LDC_i_1_n_0        |                1 |              1 |         1.00 |
|  clk_wiz_inst/clocking_wizard_i/clk_wiz_0/inst/clk_out1 | food_inst/eaten_pulse                                          | food_inst/fx_reg[0]_LDC_i_1_n_0        |                1 |              1 |         1.00 |
|  clk_wiz_inst/clocking_wizard_i/clk_wiz_0/inst/clk_out1 | food_inst/eaten_pulse                                          | food_inst/fx_reg[3]_LDC_i_1_n_0        |                1 |              1 |         1.00 |
|  clk_wiz_inst/clocking_wizard_i/clk_wiz_0/inst/clk_out1 | food_inst/eaten_pulse                                          | food_inst/fx_reg[4]_LDC_i_1_n_0        |                1 |              1 |         1.00 |
|  clk_wiz_inst/clocking_wizard_i/clk_wiz_0/inst/clk_out1 | food_inst/eaten_pulse                                          | food_inst/fx_reg[6]_LDC_i_1_n_0        |                1 |              1 |         1.00 |
|  clk_wiz_inst/clocking_wizard_i/clk_wiz_0/inst/clk_out1 | food_inst/eaten_pulse                                          | food_inst/fy_reg[1]_LDC_i_1_n_0        |                1 |              1 |         1.00 |
|  clk_wiz_inst/clocking_wizard_i/clk_wiz_0/inst/clk_out1 | food_inst/eaten_pulse                                          | food_inst/fy_reg[4]_LDC_i_1_n_0        |                1 |              1 |         1.00 |
|  clk_wiz_inst/clocking_wizard_i/clk_wiz_0/inst/clk_out1 | food_inst/eaten_pulse                                          | food_inst/fy_reg[2]_LDC_i_1_n_0        |                1 |              1 |         1.00 |
|  clk_wiz_inst/clocking_wizard_i/clk_wiz_0/inst/clk_out1 | food_inst/eaten_pulse                                          | food_inst/fy_reg[0]_LDC_i_1_n_0        |                1 |              1 |         1.00 |
|  clk_wiz_inst/clocking_wizard_i/clk_wiz_0/inst/clk_out1 | food_inst/eaten_pulse                                          | food_inst/fy_reg[3]_LDC_i_1_n_0        |                1 |              1 |         1.00 |
|  clk_wiz_inst/clocking_wizard_i/clk_wiz_0/inst/clk_out1 | food_inst/eaten_pulse                                          | food_inst/fx_reg[9]_LDC_i_1_n_0        |                1 |              1 |         1.00 |
|  clk_wiz_inst/clocking_wizard_i/clk_wiz_0/inst/clk_out1 | food_inst/eaten_pulse                                          | food_inst/fy_reg[6]_LDC_i_1_n_0        |                1 |              1 |         1.00 |
|  clk_wiz_inst/clocking_wizard_i/clk_wiz_0/inst/clk_out1 | food_inst/eaten_pulse                                          | food_inst/fy_reg[5]_LDC_i_1_n_0        |                1 |              1 |         1.00 |
|  clk_wiz_inst/clocking_wizard_i/clk_wiz_0/inst/clk_out1 | food_inst/eaten_pulse                                          | food_inst/fy_reg[7]_LDC_i_1_n_0        |                1 |              1 |         1.00 |
|  clk_100MHz_IBUF_BUFG                                   | u_accel_monitor/u_bcd/iteration[3]_i_1_n_0                     | btnC_IBUF                              |                1 |              4 |         4.00 |
|  clk_100MHz_IBUF_BUFG                                   | u_accel_monitor/u_bcd/bcd_work[7]_i_1_n_0                      | btnC_IBUF                              |                2 |              4 |         2.00 |
|  clk_100MHz_IBUF_BUFG                                   | u_accel_monitor/u_bcd/FSM_onehot_state[3]_i_1__0_n_0           | btnC_IBUF                              |                1 |              4 |         4.00 |
|  clk_100MHz_IBUF_BUFG                                   | u_accel_monitor/u_accel/u_spi/FSM_onehot_state[3]_i_1_n_0      | btnC_IBUF                              |                1 |              4 |         4.00 |
|  clk_100MHz_IBUF_BUFG                                   | u_accel_monitor/u_bcd/bcd_work[3]_i_1_n_0                      | btnC_IBUF                              |                1 |              4 |         4.00 |
|  clk_100MHz_IBUF_BUFG                                   | u_accel_monitor/u_bcd/bcd_work[15]_i_1_n_0                     | btnC_IBUF                              |                1 |              4 |         4.00 |
|  clk_100MHz_IBUF_BUFG                                   | u_accel_monitor/u_bcd/bcd_work[11]_i_1_n_0                     | btnC_IBUF                              |                1 |              4 |         4.00 |
|  clk_100MHz_IBUF_BUFG                                   | u_accel_monitor/u_uart/E[0]                                    | btnC_IBUF                              |                1 |              5 |         5.00 |
|  clk_100MHz_IBUF_BUFG                                   | u_accel_monitor/u_accel/u_spi/E[0]                             | btnC_IBUF                              |                2 |              5 |         2.50 |
|  clk_100MHz_IBUF_BUFG                                   | u_accel_monitor/u_accel/u_spi/FSM_sequential_state_reg[3][0]   |                                        |                2 |              5 |         2.50 |
|  clk_100MHz_IBUF_BUFG                                   | u_accel_monitor/u_accel/u_spi/halfperiod_cnt[5]_i_1_n_0        | btnC_IBUF                              |                2 |              6 |         3.00 |
|  clk_100MHz_IBUF_BUFG                                   | u_accel_monitor/u_accel/u_spi/FSM_sequential_state_reg[0]_0[0] | btnC_IBUF                              |                1 |              7 |         7.00 |
|  clk_100MHz_IBUF_BUFG                                   | u_accel_monitor/u_uart/data_shiftreg_0[0]                      | btnC_IBUF                              |                1 |              7 |         7.00 |
|  clk_100MHz_IBUF_BUFG                                   | u_accel_monitor/uart_data[0]                                   |                                        |                5 |              7 |         1.40 |
|  clk_100MHz_IBUF_BUFG                                   | u_accel_monitor/u_accel/u_spi/FSM_onehot_state_reg_n_0_[3]     | btnC_IBUF                              |                2 |              8 |         4.00 |
|  clk_100MHz_IBUF_BUFG                                   | u_accel_monitor/u_accel/u_spi/rx_shiftreg[7]_i_1_n_0           | btnC_IBUF                              |                3 |              8 |         2.67 |
|  clk_100MHz_IBUF_BUFG                                   | u_accel_monitor/u_accel/u_spi/FSM_sequential_state_reg[1][0]   |                                        |                1 |              8 |         8.00 |
|  clk_100MHz_IBUF_BUFG                                   | u_accel_monitor/u_accel/u_spi/FSM_sequential_state_reg[0]_1[0] |                                        |                2 |              8 |         4.00 |
|  clk_100MHz_IBUF_BUFG                                   | u_accel_monitor/u_accel/u_spi/FSM_sequential_state_reg[2]_0[0] |                                        |                3 |              8 |         2.67 |
|  clk_100MHz_IBUF_BUFG                                   | u_accel_monitor/u_accel/u_spi/transfer_done_reg_2[0]           |                                        |                2 |              8 |         4.00 |
|  clk_100MHz_IBUF_BUFG                                   | u_accel_monitor/u_accel/u_spi/transfer_done_reg_1[0]           |                                        |                2 |              8 |         4.00 |
|  clk_wiz_inst/clocking_wizard_i/clk_wiz_0/inst/clk_out1 | u_accel_monitor/u_accel/frame_div_reg[0][0]                    | btnC_IBUF                              |                6 |              9 |         1.50 |
|  clk_wiz_inst/clocking_wizard_i/clk_wiz_0/inst/clk_out1 | u_accel_monitor/u_accel/E[0]                                   | btnC_IBUF                              |                5 |              9 |         1.80 |
|  clk_wiz_inst/clocking_wizard_i/clk_wiz_0/inst/clk_out1 | food_inst/v_count[0]                                           | btnC_IBUF                              |                4 |             10 |         2.50 |
|  clk_wiz_inst/clocking_wizard_i/clk_wiz_0/inst/clk_out1 | square_inst/v_count[0]                                         | btnC_IBUF                              |                4 |             10 |         2.50 |
|  clk_wiz_inst/clocking_wizard_i/clk_wiz_0/inst/clk_out1 | vga_inst/v_count[0]                                            | btnC_IBUF                              |                3 |             10 |         3.33 |
|  clk_100MHz_IBUF_BUFG                                   | u_accel_monitor/u_uart/bit_timer_1[0]                          | btnC_IBUF                              |                3 |             10 |         3.33 |
|  clk_100MHz_IBUF_BUFG                                   | u_accel_monitor/u_accel/u_spi/bits_remaining[2]_i_1_n_0        | btnC_IBUF                              |                3 |             11 |         3.67 |
|  clk_100MHz_IBUF_BUFG                                   | u_accel_monitor/u_accel/FSM_onehot_state_reg[7][0]             | btnC_IBUF                              |                2 |             11 |         5.50 |
|  clk_100MHz_IBUF_BUFG                                   | u_accel_monitor/bcd_binary_in[11]_i_1_n_0                      |                                        |                4 |             12 |         3.00 |
|  clk_100MHz_IBUF_BUFG                                   | u_accel_monitor/u_bcd/binary_left[11]_i_1_n_0                  | btnC_IBUF                              |                4 |             12 |         3.00 |
|  clk_100MHz_IBUF_BUFG                                   |                                                                | btnC_IBUF                              |                4 |             14 |         3.50 |
|  clk_100MHz_IBUF_BUFG                                   | u_accel_monitor/u_bcd/FSM_onehot_state_reg[2]_0[0]             | btnC_IBUF                              |                4 |             16 |         4.00 |
|  clk_100MHz_IBUF_BUFG                                   | u_accel_monitor/u_bcd/FSM_onehot_state_reg[4][0]               | btnC_IBUF                              |                5 |             16 |         3.20 |
|  clk_100MHz_IBUF_BUFG                                   | u_accel_monitor/u_bcd/E[0]                                     | btnC_IBUF                              |                6 |             16 |         2.67 |
|  clk_100MHz_IBUF_BUFG                                   | u_accel_monitor/u_bcd/FSM_onehot_state_reg_n_0_[3]             | btnC_IBUF                              |                3 |             16 |         5.33 |
|  clk_100MHz_IBUF_BUFG                                   | u_accel_monitor/u_accel/u_spi/transfer_done_reg_0[0]           | btnC_IBUF                              |                6 |             24 |         4.00 |
|  clk_100MHz_IBUF_BUFG                                   | u_accel_monitor/u_accel/data_valid_reg_0[0]                    | btnC_IBUF                              |               10 |             39 |         3.90 |
|  clk_100MHz_IBUF_BUFG                                   | u_accel_monitor/u_accel/accel_x[15]_i_1_n_0                    | btnC_IBUF                              |               16 |             45 |         2.81 |
|  clk_wiz_inst/clocking_wizard_i/clk_wiz_0/inst/clk_out1 |                                                                | btnC_IBUF                              |               16 |             49 |         3.06 |
|  clk_100MHz_IBUF_BUFG                                   | u_accel_monitor/message_buffer[2][2]_i_1_n_0                   |                                        |               11 |             54 |         4.91 |
+---------------------------------------------------------+----------------------------------------------------------------+----------------------------------------+------------------+----------------+--------------+


